---
http_interactions:
- request:
    method: get
    uri: http://www.mapquestapi.com/geocoding/v1/address?key=<MAPQUEST_KEY>&location=denver,co
    body:
      encoding: US-ASCII
      string: ''
    headers:
      User-Agent:
      - Faraday v1.4.2
      Accept-Encoding:
      - gzip;q=1.0,deflate;q=0.6,identity;q=0.3
      Accept:
      - "*/*"
  response:
    status:
      code: 200
      message: OK
    headers:
      Date:
      - Mon, 14 Jun 2021 01:48:42 GMT
      Content-Type:
      - application/json;charset=UTF-8
      Content-Length:
      - '1732'
      Access-Control-Allow-Methods:
      - OPTIONS,GET,POST
      Access-Control-Allow-Origin:
      - "*"
      Cache-Control:
      - no-cache, must-revalidate
      Expires:
      - Mon, 20 Dec 1998 01:00:00 GMT
      Geocodetransactioncount:
      - '1'
      Last-Modified:
      - Mon, 14 Jun 2021 01:48:42 GMT
      Pragma:
      - no-cache
      Reversegeocodetransactioncount:
      - '0'
      Server:
      - Apache-Coyote/1.1
      Set-Cookie:
      - JSESSIONID=67364736A657EF418BCFBFD2EFD8CBA8; Path=/; HttpOnly
      Status:
      - success
      Transactionweight:
      - '1.0'
    body:
      encoding: UTF-8
      string: '{"info":{"statuscode":0,"copyright":{"text":"\u00A9 2021 MapQuest,
        Inc.","imageUrl":"http://api.mqcdn.com/res/mqlogo.gif","imageAltText":"\u00A9
        2021 MapQuest, Inc."},"messages":[]},"options":{"maxResults":-1,"thumbMaps":true,"ignoreLatLngInput":false},"results":[{"providedLocation":{"location":"denver,co"},"locations":[{"street":"","adminArea6":"","adminArea6Type":"Neighborhood","adminArea5":"Denver","adminArea5Type":"City","adminArea4":"Denver
        County","adminArea4Type":"County","adminArea3":"CO","adminArea3Type":"State","adminArea1":"US","adminArea1Type":"Country","postalCode":"","geocodeQualityCode":"A5XAX","geocodeQuality":"CITY","dragPoint":false,"sideOfStreet":"N","linkId":"282041090","unknownInput":"","type":"s","latLng":{"lat":39.738453,"lng":-104.984853},"displayLatLng":{"lat":39.738453,"lng":-104.984853},"mapUrl":"http://www.mapquestapi.com/staticmap/v5/map?key=<MAPQUEST_KEY>&type=map&size=225,160&locations=39.738453,-104.984853|marker-sm-50318A-1&scalebar=true&zoom=12&rand=979001874"},{"street":"","adminArea6":"","adminArea6Type":"Neighborhood","adminArea5":"","adminArea5Type":"City","adminArea4":"Denver
        County","adminArea4Type":"County","adminArea3":"CO","adminArea3Type":"State","adminArea1":"US","adminArea1Type":"Country","postalCode":"","geocodeQualityCode":"A4XAX","geocodeQuality":"COUNTY","dragPoint":false,"sideOfStreet":"N","linkId":"282932003","unknownInput":"","type":"s","latLng":{"lat":39.738453,"lng":-104.984853},"displayLatLng":{"lat":39.738453,"lng":-104.984853},"mapUrl":"http://www.mapquestapi.com/staticmap/v5/map?key=<MAPQUEST_KEY>&type=map&size=225,160&locations=39.738453,-104.984853|marker-sm-50318A-2&scalebar=true&zoom=9&rand=-52164395"}]}]}'
  recorded_at: Mon, 14 Jun 2021 01:48:42 GMT
- request:
    method: get
    uri: https://api.openweathermap.org/data/2.5/onecall?appid=<OPENWEATHER_KEY>&lat=39.738453&lon=-104.984853
    body:
      encoding: US-ASCII
      string: ''
    headers:
      User-Agent:
      - Faraday v1.4.2
      Accept-Encoding:
      - gzip;q=1.0,deflate;q=0.6,identity;q=0.3
      Accept:
      - "*/*"
  response:
    status:
      code: 200
      message: OK
    headers:
      Server:
      - openresty
      Date:
      - Mon, 14 Jun 2021 01:48:43 GMT
      Content-Type:
      - application/json; charset=utf-8
      Content-Length:
      - '19895'
      Connection:
      - keep-alive
      X-Cache-Key:
      - "/data/2.5/onecall?lat=39.74&lon=-104.98"
      Access-Control-Allow-Origin:
      - "*"
      Access-Control-Allow-Credentials:
      - 'true'
      Access-Control-Allow-Methods:
      - GET, POST
    body:
      encoding: UTF-8
      string: '{"lat":39.74,"lon":-104.98,"timezone":"America/Denver","timezone_offset":-21600,"current":{"dt":1623635289,"sunrise":1623583885,"sunset":1623637731,"temp":300.84,"feels_like":301.03,"pressure":1009,"humidity":47,"dew_point":288.51,"uvi":0,"clouds":75,"visibility":10000,"wind_speed":0.45,"wind_deg":150,"wind_gust":2.24,"weather":[{"id":803,"main":"Clouds","description":"broken
        clouds","icon":"04d"}]},"minutely":[{"dt":1623635340,"precipitation":0},{"dt":1623635400,"precipitation":0},{"dt":1623635460,"precipitation":0},{"dt":1623635520,"precipitation":0},{"dt":1623635580,"precipitation":0},{"dt":1623635640,"precipitation":0},{"dt":1623635700,"precipitation":0},{"dt":1623635760,"precipitation":0},{"dt":1623635820,"precipitation":0},{"dt":1623635880,"precipitation":0},{"dt":1623635940,"precipitation":0},{"dt":1623636000,"precipitation":0},{"dt":1623636060,"precipitation":0},{"dt":1623636120,"precipitation":0},{"dt":1623636180,"precipitation":0},{"dt":1623636240,"precipitation":0},{"dt":1623636300,"precipitation":0},{"dt":1623636360,"precipitation":0},{"dt":1623636420,"precipitation":0},{"dt":1623636480,"precipitation":0},{"dt":1623636540,"precipitation":0},{"dt":1623636600,"precipitation":0},{"dt":1623636660,"precipitation":0},{"dt":1623636720,"precipitation":0},{"dt":1623636780,"precipitation":0},{"dt":1623636840,"precipitation":0},{"dt":1623636900,"precipitation":0},{"dt":1623636960,"precipitation":0},{"dt":1623637020,"precipitation":0},{"dt":1623637080,"precipitation":0},{"dt":1623637140,"precipitation":0},{"dt":1623637200,"precipitation":0},{"dt":1623637260,"precipitation":0},{"dt":1623637320,"precipitation":0},{"dt":1623637380,"precipitation":0},{"dt":1623637440,"precipitation":0},{"dt":1623637500,"precipitation":0},{"dt":1623637560,"precipitation":0},{"dt":1623637620,"precipitation":0},{"dt":1623637680,"precipitation":0},{"dt":1623637740,"precipitation":0},{"dt":1623637800,"precipitation":0},{"dt":1623637860,"precipitation":0},{"dt":1623637920,"precipitation":0},{"dt":1623637980,"precipitation":0},{"dt":1623638040,"precipitation":0},{"dt":1623638100,"precipitation":0},{"dt":1623638160,"precipitation":0},{"dt":1623638220,"precipitation":0},{"dt":1623638280,"precipitation":0},{"dt":1623638340,"precipitation":0},{"dt":1623638400,"precipitation":0},{"dt":1623638460,"precipitation":0},{"dt":1623638520,"precipitation":0},{"dt":1623638580,"precipitation":0},{"dt":1623638640,"precipitation":0},{"dt":1623638700,"precipitation":0},{"dt":1623638760,"precipitation":0},{"dt":1623638820,"precipitation":0},{"dt":1623638880,"precipitation":0},{"dt":1623638940,"precipitation":0}],"hourly":[{"dt":1623632400,"temp":301.85,"feels_like":301.54,"pressure":1009,"humidity":41,"dew_point":287.31,"uvi":0.5,"clouds":61,"visibility":10000,"wind_speed":6.73,"wind_deg":145,"wind_gust":5.87,"weather":[{"id":803,"main":"Clouds","description":"broken
        clouds","icon":"04d"}],"pop":0},{"dt":1623636000,"temp":300.84,"feels_like":301.03,"pressure":1009,"humidity":47,"dew_point":288.51,"uvi":0,"clouds":75,"visibility":10000,"wind_speed":6.51,"wind_deg":313,"wind_gust":9,"weather":[{"id":803,"main":"Clouds","description":"broken
        clouds","icon":"04d"}],"pop":0.16},{"dt":1623639600,"temp":299.72,"feels_like":299.72,"pressure":1010,"humidity":51,"dew_point":288.76,"uvi":0,"clouds":72,"visibility":10000,"wind_speed":5.2,"wind_deg":4,"wind_gust":8.45,"weather":[{"id":803,"main":"Clouds","description":"broken
        clouds","icon":"04n"}],"pop":0.48},{"dt":1623643200,"temp":298.62,"feels_like":298.63,"pressure":1012,"humidity":54,"dew_point":288.64,"uvi":0,"clouds":73,"visibility":10000,"wind_speed":1.91,"wind_deg":60,"wind_gust":3.72,"weather":[{"id":803,"main":"Clouds","description":"broken
        clouds","icon":"04n"}],"pop":0.76},{"dt":1623646800,"temp":297.64,"feels_like":297.61,"pressure":1014,"humidity":56,"dew_point":288.3,"uvi":0,"clouds":76,"visibility":10000,"wind_speed":2,"wind_deg":256,"wind_gust":3.23,"weather":[{"id":803,"main":"Clouds","description":"broken
        clouds","icon":"04n"}],"pop":0.73},{"dt":1623650400,"temp":296.05,"feels_like":295.96,"pressure":1015,"humidity":60,"dew_point":287.88,"uvi":0,"clouds":78,"visibility":10000,"wind_speed":2.44,"wind_deg":247,"wind_gust":3.47,"weather":[{"id":803,"main":"Clouds","description":"broken
        clouds","icon":"04n"}],"pop":0.69},{"dt":1623654000,"temp":294.81,"feels_like":294.65,"pressure":1015,"humidity":62,"dew_point":287.05,"uvi":0,"clouds":21,"visibility":10000,"wind_speed":2.25,"wind_deg":198,"wind_gust":4.02,"weather":[{"id":801,"main":"Clouds","description":"few
        clouds","icon":"02n"}],"pop":0},{"dt":1623657600,"temp":294.56,"feels_like":294.4,"pressure":1015,"humidity":63,"dew_point":286.9,"uvi":0,"clouds":58,"visibility":10000,"wind_speed":1.6,"wind_deg":148,"wind_gust":2.69,"weather":[{"id":803,"main":"Clouds","description":"broken
        clouds","icon":"04n"}],"pop":0},{"dt":1623661200,"temp":294.03,"feels_like":293.82,"pressure":1015,"humidity":63,"dew_point":286.58,"uvi":0,"clouds":39,"visibility":10000,"wind_speed":1.5,"wind_deg":63,"wind_gust":2.5,"weather":[{"id":802,"main":"Clouds","description":"scattered
        clouds","icon":"03n"}],"pop":0},{"dt":1623664800,"temp":293.56,"feels_like":293.35,"pressure":1015,"humidity":65,"dew_point":286.46,"uvi":0,"clouds":29,"visibility":10000,"wind_speed":0.59,"wind_deg":17,"wind_gust":1.38,"weather":[{"id":802,"main":"Clouds","description":"scattered
        clouds","icon":"03n"}],"pop":0},{"dt":1623668400,"temp":293.02,"feels_like":292.79,"pressure":1016,"humidity":66,"dew_point":286.41,"uvi":0,"clouds":24,"visibility":10000,"wind_speed":1.6,"wind_deg":301,"wind_gust":2.73,"weather":[{"id":801,"main":"Clouds","description":"few
        clouds","icon":"02n"}],"pop":0},{"dt":1623672000,"temp":292.87,"feels_like":292.59,"pressure":1016,"humidity":65,"dew_point":285.99,"uvi":0,"clouds":21,"visibility":10000,"wind_speed":1.04,"wind_deg":286,"wind_gust":1.86,"weather":[{"id":801,"main":"Clouds","description":"few
        clouds","icon":"02d"}],"pop":0},{"dt":1623675600,"temp":293.98,"feels_like":293.66,"pressure":1016,"humidity":59,"dew_point":285.47,"uvi":0.55,"clouds":1,"visibility":10000,"wind_speed":0.71,"wind_deg":356,"wind_gust":1.11,"weather":[{"id":800,"main":"Clear","description":"clear
        sky","icon":"01d"}],"pop":0},{"dt":1623679200,"temp":295.81,"feels_like":295.46,"pressure":1016,"humidity":51,"dew_point":284.92,"uvi":1.73,"clouds":1,"visibility":10000,"wind_speed":0.39,"wind_deg":359,"wind_gust":0.89,"weather":[{"id":800,"main":"Clear","description":"clear
        sky","icon":"01d"}],"pop":0},{"dt":1623682800,"temp":298.36,"feels_like":297.98,"pressure":1016,"humidity":40,"dew_point":283.83,"uvi":3.79,"clouds":0,"visibility":10000,"wind_speed":0.53,"wind_deg":156,"wind_gust":1.21,"weather":[{"id":800,"main":"Clear","description":"clear
        sky","icon":"01d"}],"pop":0},{"dt":1623686400,"temp":301.07,"feels_like":300.28,"pressure":1014,"humidity":32,"dew_point":282.66,"uvi":6.44,"clouds":0,"visibility":10000,"wind_speed":1.19,"wind_deg":125,"wind_gust":1.26,"weather":[{"id":800,"main":"Clear","description":"clear
        sky","icon":"01d"}],"pop":0},{"dt":1623690000,"temp":303.73,"feels_like":302.05,"pressure":1013,"humidity":24,"dew_point":280.7,"uvi":9.15,"clouds":0,"visibility":10000,"wind_speed":1.95,"wind_deg":90,"wind_gust":1.26,"weather":[{"id":800,"main":"Clear","description":"clear
        sky","icon":"01d"}],"pop":0},{"dt":1623693600,"temp":306.1,"feels_like":303.87,"pressure":1012,"humidity":17,"dew_point":277.91,"uvi":11.16,"clouds":0,"visibility":10000,"wind_speed":2.79,"wind_deg":75,"wind_gust":2.55,"weather":[{"id":800,"main":"Clear","description":"clear
        sky","icon":"01d"}],"pop":0},{"dt":1623697200,"temp":307.8,"feels_like":305.27,"pressure":1011,"humidity":13,"dew_point":274.91,"uvi":11.98,"clouds":0,"visibility":10000,"wind_speed":3.58,"wind_deg":70,"wind_gust":2.47,"weather":[{"id":800,"main":"Clear","description":"clear
        sky","icon":"01d"}],"pop":0},{"dt":1623700800,"temp":308.91,"feels_like":306.16,"pressure":1010,"humidity":10,"dew_point":273.31,"uvi":11.24,"clouds":0,"visibility":10000,"wind_speed":4.57,"wind_deg":70,"wind_gust":3.28,"weather":[{"id":800,"main":"Clear","description":"clear
        sky","icon":"01d"}],"pop":0},{"dt":1623704400,"temp":309.3,"feels_like":306.47,"pressure":1010,"humidity":9,"dew_point":272.08,"uvi":9.21,"clouds":0,"visibility":10000,"wind_speed":4.9,"wind_deg":71,"wind_gust":3.64,"weather":[{"id":800,"main":"Clear","description":"clear
        sky","icon":"01d"}],"pop":0},{"dt":1623708000,"temp":309.32,"feels_like":306.49,"pressure":1009,"humidity":9,"dew_point":271.82,"uvi":6.49,"clouds":0,"visibility":10000,"wind_speed":5.08,"wind_deg":73,"wind_gust":3.87,"weather":[{"id":800,"main":"Clear","description":"clear
        sky","icon":"01d"}],"pop":0},{"dt":1623711600,"temp":308.9,"feels_like":306.15,"pressure":1009,"humidity":10,"dew_point":272.02,"uvi":3.8,"clouds":0,"visibility":10000,"wind_speed":5.04,"wind_deg":78,"wind_gust":3.58,"weather":[{"id":800,"main":"Clear","description":"clear
        sky","icon":"01d"}],"pop":0},{"dt":1623715200,"temp":308.32,"feels_like":305.63,"pressure":1009,"humidity":10,"dew_point":272.39,"uvi":1.74,"clouds":0,"visibility":10000,"wind_speed":4.83,"wind_deg":86,"wind_gust":3.96,"weather":[{"id":800,"main":"Clear","description":"clear
        sky","icon":"01d"}],"pop":0},{"dt":1623718800,"temp":307.32,"feels_like":304.8,"pressure":1009,"humidity":12,"dew_point":273.28,"uvi":0.56,"clouds":0,"visibility":10000,"wind_speed":4.37,"wind_deg":93,"wind_gust":3.85,"weather":[{"id":800,"main":"Clear","description":"clear
        sky","icon":"01d"}],"pop":0},{"dt":1623722400,"temp":305.24,"feels_like":303.02,"pressure":1010,"humidity":15,"dew_point":274.81,"uvi":0,"clouds":0,"visibility":10000,"wind_speed":2.82,"wind_deg":89,"wind_gust":5.31,"weather":[{"id":800,"main":"Clear","description":"clear
        sky","icon":"01d"}],"pop":0},{"dt":1623726000,"temp":302.83,"feels_like":301.16,"pressure":1011,"humidity":21,"dew_point":277.7,"uvi":0,"clouds":0,"visibility":10000,"wind_speed":1.72,"wind_deg":121,"wind_gust":3.38,"weather":[{"id":800,"main":"Clear","description":"clear
        sky","icon":"01n"}],"pop":0},{"dt":1623729600,"temp":301.6,"feels_like":300.36,"pressure":1012,"humidity":25,"dew_point":279.56,"uvi":0,"clouds":0,"visibility":10000,"wind_speed":0.9,"wind_deg":198,"wind_gust":1.46,"weather":[{"id":800,"main":"Clear","description":"clear
        sky","icon":"01n"}],"pop":0},{"dt":1623733200,"temp":300.73,"feels_like":299.76,"pressure":1013,"humidity":25,"dew_point":278.73,"uvi":0,"clouds":0,"visibility":10000,"wind_speed":1.57,"wind_deg":212,"wind_gust":2.1,"weather":[{"id":800,"main":"Clear","description":"clear
        sky","icon":"01n"}],"pop":0},{"dt":1623736800,"temp":299.82,"feels_like":299.19,"pressure":1013,"humidity":25,"dew_point":277.79,"uvi":0,"clouds":1,"visibility":10000,"wind_speed":1.71,"wind_deg":207,"wind_gust":2.13,"weather":[{"id":800,"main":"Clear","description":"clear
        sky","icon":"01n"}],"pop":0},{"dt":1623740400,"temp":298.87,"feels_like":298.15,"pressure":1013,"humidity":25,"dew_point":277.27,"uvi":0,"clouds":0,"visibility":10000,"wind_speed":2.1,"wind_deg":211,"wind_gust":2.57,"weather":[{"id":800,"main":"Clear","description":"clear
        sky","icon":"01n"}],"pop":0},{"dt":1623744000,"temp":298.04,"feels_like":297.24,"pressure":1013,"humidity":25,"dew_point":276.73,"uvi":0,"clouds":0,"visibility":10000,"wind_speed":1.93,"wind_deg":217,"wind_gust":2.27,"weather":[{"id":800,"main":"Clear","description":"clear
        sky","icon":"01n"}],"pop":0},{"dt":1623747600,"temp":297.43,"feels_like":296.59,"pressure":1014,"humidity":26,"dew_point":276.27,"uvi":0,"clouds":0,"visibility":10000,"wind_speed":1.35,"wind_deg":236,"wind_gust":1.62,"weather":[{"id":800,"main":"Clear","description":"clear
        sky","icon":"01n"}],"pop":0},{"dt":1623751200,"temp":296.78,"feels_like":295.88,"pressure":1014,"humidity":26,"dew_point":275.77,"uvi":0,"clouds":1,"visibility":10000,"wind_speed":0.98,"wind_deg":250,"wind_gust":1.23,"weather":[{"id":800,"main":"Clear","description":"clear
        sky","icon":"01n"}],"pop":0},{"dt":1623754800,"temp":296.08,"feels_like":295.11,"pressure":1015,"humidity":26,"dew_point":275.65,"uvi":0,"clouds":2,"visibility":10000,"wind_speed":0.87,"wind_deg":232,"wind_gust":0.92,"weather":[{"id":800,"main":"Clear","description":"clear
        sky","icon":"01n"}],"pop":0},{"dt":1623758400,"temp":295.73,"feels_like":294.77,"pressure":1016,"humidity":28,"dew_point":276.07,"uvi":0,"clouds":2,"visibility":10000,"wind_speed":0.35,"wind_deg":213,"wind_gust":0.46,"weather":[{"id":800,"main":"Clear","description":"clear
        sky","icon":"01d"}],"pop":0},{"dt":1623762000,"temp":297.15,"feels_like":296.31,"pressure":1016,"humidity":27,"dew_point":276.55,"uvi":0.55,"clouds":5,"visibility":10000,"wind_speed":0.59,"wind_deg":161,"wind_gust":0.91,"weather":[{"id":800,"main":"Clear","description":"clear
        sky","icon":"01d"}],"pop":0},{"dt":1623765600,"temp":299.1,"feels_like":299.1,"pressure":1016,"humidity":24,"dew_point":276.56,"uvi":1.73,"clouds":2,"visibility":10000,"wind_speed":1.03,"wind_deg":210,"wind_gust":1.37,"weather":[{"id":800,"main":"Clear","description":"clear
        sky","icon":"01d"}],"pop":0},{"dt":1623769200,"temp":301.43,"feels_like":300.11,"pressure":1015,"humidity":21,"dew_point":276.92,"uvi":3.78,"clouds":2,"visibility":10000,"wind_speed":1.24,"wind_deg":166,"wind_gust":1.66,"weather":[{"id":800,"main":"Clear","description":"clear
        sky","icon":"01d"}],"pop":0},{"dt":1623772800,"temp":303.99,"feels_like":302.05,"pressure":1014,"humidity":19,"dew_point":277.49,"uvi":6.45,"clouds":1,"visibility":10000,"wind_speed":1.36,"wind_deg":143,"wind_gust":1.95,"weather":[{"id":800,"main":"Clear","description":"clear
        sky","icon":"01d"}],"pop":0},{"dt":1623776400,"temp":306.38,"feels_like":304.13,"pressure":1013,"humidity":17,"dew_point":278.18,"uvi":9.17,"clouds":1,"visibility":10000,"wind_speed":2.02,"wind_deg":111,"wind_gust":2.72,"weather":[{"id":800,"main":"Clear","description":"clear
        sky","icon":"01d"}],"pop":0},{"dt":1623780000,"temp":308.36,"feels_like":305.93,"pressure":1012,"humidity":15,"dew_point":278.31,"uvi":11.18,"clouds":1,"visibility":10000,"wind_speed":3.49,"wind_deg":109,"wind_gust":3.47,"weather":[{"id":800,"main":"Clear","description":"clear
        sky","icon":"01d"}],"pop":0},{"dt":1623783600,"temp":309.86,"feels_like":307.17,"pressure":1010,"humidity":12,"dew_point":275.56,"uvi":12.07,"clouds":0,"visibility":10000,"wind_speed":3.85,"wind_deg":107,"wind_gust":3.1,"weather":[{"id":800,"main":"Clear","description":"clear
        sky","icon":"01d"}],"pop":0},{"dt":1623787200,"temp":310.75,"feels_like":307.85,"pressure":1010,"humidity":10,"dew_point":274.3,"uvi":11.32,"clouds":0,"visibility":10000,"wind_speed":4.64,"wind_deg":101,"wind_gust":4.15,"weather":[{"id":800,"main":"Clear","description":"clear
        sky","icon":"01d"}],"pop":0},{"dt":1623790800,"temp":311.03,"feels_like":308.11,"pressure":1009,"humidity":10,"dew_point":274.55,"uvi":9.28,"clouds":0,"visibility":10000,"wind_speed":5.78,"wind_deg":98,"wind_gust":5.71,"weather":[{"id":800,"main":"Clear","description":"clear
        sky","icon":"01d"}],"pop":0},{"dt":1623794400,"temp":310.2,"feels_like":307.41,"pressure":1009,"humidity":11,"dew_point":275.17,"uvi":6.39,"clouds":17,"visibility":10000,"wind_speed":5.13,"wind_deg":114,"wind_gust":4.33,"weather":[{"id":801,"main":"Clouds","description":"few
        clouds","icon":"02d"}],"pop":0.04},{"dt":1623798000,"temp":297.81,"feels_like":297.48,"pressure":1015,"humidity":44,"dew_point":284.61,"uvi":3.74,"clouds":33,"visibility":10000,"wind_speed":10.79,"wind_deg":181,"wind_gust":15.07,"weather":[{"id":500,"main":"Rain","description":"light
        rain","icon":"10d"}],"pop":0.36,"rain":{"1h":0.18}},{"dt":1623801600,"temp":300.11,"feels_like":299.62,"pressure":1013,"humidity":32,"dew_point":281.65,"uvi":1.71,"clouds":44,"visibility":10000,"wind_speed":6.27,"wind_deg":200,"wind_gust":9.7,"weather":[{"id":802,"main":"Clouds","description":"scattered
        clouds","icon":"03d"}],"pop":0.16}],"daily":[{"dt":1623610800,"sunrise":1623583885,"sunset":1623637731,"moonrise":1623593160,"moonset":1623648480,"moon_phase":0.1,"temp":{"day":306.45,"min":292.76,"max":308.46,"night":297.64,"eve":301.85,"morn":294.09},"feels_like":{"day":304.47,"night":297.61,"eve":301.54,"morn":293.36},"pressure":1010,"humidity":21,"dew_point":281.04,"wind_speed":6.73,"wind_deg":145,"wind_gust":9,"weather":[{"id":800,"main":"Clear","description":"clear
        sky","icon":"01d"}],"clouds":0,"pop":0.76,"uvi":11.86},{"dt":1623697200,"sunrise":1623670284,"sunset":1623724156,"moonrise":1623683340,"moonset":0,"moon_phase":0.14,"temp":{"day":307.8,"min":292.87,"max":309.32,"night":300.73,"eve":307.32,"morn":293.98},"feels_like":{"day":305.27,"night":299.76,"eve":304.8,"morn":293.66},"pressure":1011,"humidity":13,"dew_point":274.91,"wind_speed":5.08,"wind_deg":73,"wind_gust":5.31,"weather":[{"id":800,"main":"Clear","description":"clear
        sky","icon":"01d"}],"clouds":0,"pop":0.69,"uvi":11.98},{"dt":1623783600,"sunrise":1623756686,"sunset":1623810579,"moonrise":1623773580,"moonset":1623737100,"moon_phase":0.17,"temp":{"day":309.86,"min":295.73,"max":311.03,"night":298.78,"eve":301.56,"morn":297.15},"feels_like":{"day":307.17,"night":298.26,"eve":300.5,"morn":296.31},"pressure":1010,"humidity":12,"dew_point":275.56,"wind_speed":10.79,"wind_deg":181,"wind_gust":15.07,"weather":[{"id":500,"main":"Rain","description":"light
        rain","icon":"10d"}],"clouds":0,"pop":0.36,"rain":0.18,"uvi":12.07},{"dt":1623870000,"sunrise":1623843088,"sunset":1623897000,"moonrise":1623864000,"moonset":1623825420,"moon_phase":0.2,"temp":{"day":309.46,"min":295.24,"max":310.75,"night":299.31,"eve":304.47,"morn":296.71},"feels_like":{"day":306.72,"night":299.31,"eve":302.56,"morn":295.88},"pressure":1010,"humidity":11,"dew_point":274.74,"wind_speed":6.55,"wind_deg":35,"wind_gust":7.73,"weather":[{"id":803,"main":"Clouds","description":"broken
        clouds","icon":"04d"}],"clouds":81,"pop":0.16,"uvi":11.47},{"dt":1623956400,"sunrise":1623929493,"sunset":1623983419,"moonrise":1623954420,"moonset":1623913620,"moon_phase":0.25,"temp":{"day":308.34,"min":293.57,"max":309.71,"night":293.57,"eve":301.27,"morn":295.84},"feels_like":{"day":305.78,"night":293.36,"eve":300.33,"morn":294.97},"pressure":1008,"humidity":13,"dew_point":275.62,"wind_speed":6.77,"wind_deg":191,"wind_gust":11.89,"weather":[{"id":500,"main":"Rain","description":"light
        rain","icon":"10d"}],"clouds":99,"pop":0.67,"rain":2.17,"uvi":10.59},{"dt":1624042800,"sunrise":1624015900,"sunset":1624069837,"moonrise":1624044900,"moonset":1624001640,"moon_phase":0.27,"temp":{"day":295.24,"min":290.66,"max":299.54,"night":294.84,"eve":299.54,"morn":290.98},"feels_like":{"day":294.65,"night":294.47,"eve":299.54,"morn":290.41},"pressure":1018,"humidity":44,"dew_point":282.5,"wind_speed":6.24,"wind_deg":347,"wind_gust":10.37,"weather":[{"id":500,"main":"Rain","description":"light
        rain","icon":"10d"}],"clouds":80,"pop":0.72,"rain":0.6,"uvi":11},{"dt":1624129200,"sunrise":1624102308,"sunset":1624156253,"moonrise":1624135500,"moonset":1624089600,"moon_phase":0.31,"temp":{"day":304.5,"min":291.47,"max":304.5,"night":294.62,"eve":294.55,"morn":292.24},"feels_like":{"day":302.58,"night":294.23,"eve":294.29,"morn":291.82},"pressure":1007,"humidity":21,"dew_point":279.75,"wind_speed":4.13,"wind_deg":144,"wind_gust":5.32,"weather":[{"id":501,"main":"Rain","description":"moderate
        rain","icon":"10d"}],"clouds":98,"pop":0.92,"rain":8.63,"uvi":11},{"dt":1624215600,"sunrise":1624188718,"sunset":1624242668,"moonrise":1624226280,"moonset":1624177680,"moon_phase":0.34,"temp":{"day":305.79,"min":291.91,"max":305.79,"night":297.65,"eve":302.94,"morn":291.91},"feels_like":{"day":303.48,"night":297.04,"eve":301.29,"morn":291.07},"pressure":1004,"humidity":14,"dew_point":275.07,"wind_speed":9.83,"wind_deg":51,"wind_gust":9.45,"weather":[{"id":800,"main":"Clear","description":"clear
        sky","icon":"01d"}],"clouds":0,"pop":0.35,"uvi":11}]}'
  recorded_at: Mon, 14 Jun 2021 01:48:43 GMT
- request:
    method: get
    uri: http://www.mapquestapi.com/geocoding/v1/address?key=<MAPQUEST_KEY>&location=denver,co
    body:
      encoding: US-ASCII
      string: ''
    headers:
      User-Agent:
      - Faraday v1.4.2
      Accept-Encoding:
      - gzip;q=1.0,deflate;q=0.6,identity;q=0.3
      Accept:
      - "*/*"
  response:
    status:
      code: 200
      message: OK
    headers:
      Date:
      - Mon, 14 Jun 2021 01:48:52 GMT
      Content-Type:
      - application/json;charset=UTF-8
      Content-Length:
      - '1736'
      Access-Control-Allow-Methods:
      - OPTIONS,GET,POST
      Access-Control-Allow-Origin:
      - "*"
      Cache-Control:
      - no-cache, must-revalidate
      Expires:
      - Mon, 20 Dec 1998 01:00:00 GMT
      Geocodetransactioncount:
      - '1'
      Last-Modified:
      - Mon, 14 Jun 2021 01:48:52 GMT
      Pragma:
      - no-cache
      Reversegeocodetransactioncount:
      - '0'
      Server:
      - Apache-Coyote/1.1
      Set-Cookie:
      - JSESSIONID=B244BDCC0E2C26544579A03799DFA2DB; Path=/; HttpOnly
      Status:
      - success
      Transactionweight:
      - '1.0'
    body:
      encoding: UTF-8
      string: '{"info":{"statuscode":0,"copyright":{"text":"\u00A9 2021 MapQuest,
        Inc.","imageUrl":"http://api.mqcdn.com/res/mqlogo.gif","imageAltText":"\u00A9
        2021 MapQuest, Inc."},"messages":[]},"options":{"maxResults":-1,"thumbMaps":true,"ignoreLatLngInput":false},"results":[{"providedLocation":{"location":"denver,co"},"locations":[{"street":"","adminArea6":"","adminArea6Type":"Neighborhood","adminArea5":"Denver","adminArea5Type":"City","adminArea4":"Denver
        County","adminArea4Type":"County","adminArea3":"CO","adminArea3Type":"State","adminArea1":"US","adminArea1Type":"Country","postalCode":"","geocodeQualityCode":"A5XAX","geocodeQuality":"CITY","dragPoint":false,"sideOfStreet":"N","linkId":"282041090","unknownInput":"","type":"s","latLng":{"lat":39.738453,"lng":-104.984853},"displayLatLng":{"lat":39.738453,"lng":-104.984853},"mapUrl":"http://www.mapquestapi.com/staticmap/v5/map?key=<MAPQUEST_KEY>&type=map&size=225,160&locations=39.738453,-104.984853|marker-sm-50318A-1&scalebar=true&zoom=12&rand=-1855680304"},{"street":"","adminArea6":"","adminArea6Type":"Neighborhood","adminArea5":"","adminArea5Type":"City","adminArea4":"Denver
        County","adminArea4Type":"County","adminArea3":"CO","adminArea3Type":"State","adminArea1":"US","adminArea1Type":"Country","postalCode":"","geocodeQualityCode":"A4XAX","geocodeQuality":"COUNTY","dragPoint":false,"sideOfStreet":"N","linkId":"282932003","unknownInput":"","type":"s","latLng":{"lat":39.738453,"lng":-104.984853},"displayLatLng":{"lat":39.738453,"lng":-104.984853},"mapUrl":"http://www.mapquestapi.com/staticmap/v5/map?key=<MAPQUEST_KEY>&type=map&size=225,160&locations=39.738453,-104.984853|marker-sm-50318A-2&scalebar=true&zoom=9&rand=-1669312232"}]}]}'
  recorded_at: Mon, 14 Jun 2021 01:48:52 GMT
- request:
    method: get
    uri: https://api.openweathermap.org/data/2.5/onecall?appid=<OPENWEATHER_KEY>&lat=39.738453&lon=-104.984853
    body:
      encoding: US-ASCII
      string: ''
    headers:
      User-Agent:
      - Faraday v1.4.2
      Accept-Encoding:
      - gzip;q=1.0,deflate;q=0.6,identity;q=0.3
      Accept:
      - "*/*"
  response:
    status:
      code: 200
      message: OK
    headers:
      Server:
      - openresty
      Date:
      - Mon, 14 Jun 2021 01:49:10 GMT
      Content-Type:
      - application/json; charset=utf-8
      Content-Length:
      - '19921'
      Connection:
      - keep-alive
      X-Cache-Key:
      - "/data/2.5/onecall?lat=39.74&lon=-104.98"
      Access-Control-Allow-Origin:
      - "*"
      Access-Control-Allow-Credentials:
      - 'true'
      Access-Control-Allow-Methods:
      - GET, POST
    body:
      encoding: UTF-8
      string: '{"lat":39.7385,"lon":-104.9849,"timezone":"America/Denver","timezone_offset":-21600,"current":{"dt":1623635350,"sunrise":1623583887,"sunset":1623637732,"temp":300.83,"feels_like":301.02,"pressure":1008,"humidity":47,"dew_point":288.5,"uvi":0,"clouds":42,"visibility":10000,"wind_speed":0.45,"wind_deg":150,"wind_gust":2.24,"weather":[{"id":802,"main":"Clouds","description":"scattered
        clouds","icon":"03d"}]},"minutely":[{"dt":1623635400,"precipitation":0},{"dt":1623635460,"precipitation":0},{"dt":1623635520,"precipitation":0},{"dt":1623635580,"precipitation":0},{"dt":1623635640,"precipitation":0},{"dt":1623635700,"precipitation":0},{"dt":1623635760,"precipitation":0},{"dt":1623635820,"precipitation":0},{"dt":1623635880,"precipitation":0},{"dt":1623635940,"precipitation":0},{"dt":1623636000,"precipitation":0},{"dt":1623636060,"precipitation":0},{"dt":1623636120,"precipitation":0},{"dt":1623636180,"precipitation":0},{"dt":1623636240,"precipitation":0},{"dt":1623636300,"precipitation":0},{"dt":1623636360,"precipitation":0},{"dt":1623636420,"precipitation":0},{"dt":1623636480,"precipitation":0},{"dt":1623636540,"precipitation":0},{"dt":1623636600,"precipitation":0},{"dt":1623636660,"precipitation":0},{"dt":1623636720,"precipitation":0},{"dt":1623636780,"precipitation":0},{"dt":1623636840,"precipitation":0},{"dt":1623636900,"precipitation":0},{"dt":1623636960,"precipitation":0},{"dt":1623637020,"precipitation":0},{"dt":1623637080,"precipitation":0},{"dt":1623637140,"precipitation":0},{"dt":1623637200,"precipitation":0},{"dt":1623637260,"precipitation":0},{"dt":1623637320,"precipitation":0},{"dt":1623637380,"precipitation":0},{"dt":1623637440,"precipitation":0},{"dt":1623637500,"precipitation":0},{"dt":1623637560,"precipitation":0},{"dt":1623637620,"precipitation":0},{"dt":1623637680,"precipitation":0},{"dt":1623637740,"precipitation":0},{"dt":1623637800,"precipitation":0},{"dt":1623637860,"precipitation":0},{"dt":1623637920,"precipitation":0},{"dt":1623637980,"precipitation":0},{"dt":1623638040,"precipitation":0},{"dt":1623638100,"precipitation":0},{"dt":1623638160,"precipitation":0},{"dt":1623638220,"precipitation":0},{"dt":1623638280,"precipitation":0},{"dt":1623638340,"precipitation":0},{"dt":1623638400,"precipitation":0},{"dt":1623638460,"precipitation":0},{"dt":1623638520,"precipitation":0},{"dt":1623638580,"precipitation":0},{"dt":1623638640,"precipitation":0},{"dt":1623638700,"precipitation":0},{"dt":1623638760,"precipitation":0},{"dt":1623638820,"precipitation":0},{"dt":1623638880,"precipitation":0},{"dt":1623638940,"precipitation":0},{"dt":1623639000,"precipitation":0}],"hourly":[{"dt":1623632400,"temp":301.85,"feels_like":301.54,"pressure":1008,"humidity":41,"dew_point":287.31,"uvi":0.5,"clouds":35,"visibility":10000,"wind_speed":6.72,"wind_deg":145,"wind_gust":5.81,"weather":[{"id":802,"main":"Clouds","description":"scattered
        clouds","icon":"03d"}],"pop":0},{"dt":1623636000,"temp":300.83,"feels_like":301.02,"pressure":1008,"humidity":47,"dew_point":288.5,"uvi":0,"clouds":42,"visibility":10000,"wind_speed":6.71,"wind_deg":313,"wind_gust":8.92,"weather":[{"id":802,"main":"Clouds","description":"scattered
        clouds","icon":"03d"}],"pop":0.16},{"dt":1623639600,"temp":299.71,"feels_like":299.71,"pressure":1009,"humidity":51,"dew_point":288.75,"uvi":0,"clouds":46,"visibility":10000,"wind_speed":5.15,"wind_deg":3,"wind_gust":8.42,"weather":[{"id":802,"main":"Clouds","description":"scattered
        clouds","icon":"03n"}],"pop":0.48},{"dt":1623643200,"temp":298.61,"feels_like":298.62,"pressure":1011,"humidity":54,"dew_point":288.63,"uvi":0,"clouds":53,"visibility":10000,"wind_speed":1.79,"wind_deg":56,"wind_gust":3.52,"weather":[{"id":803,"main":"Clouds","description":"broken
        clouds","icon":"04n"}],"pop":0.76},{"dt":1623646800,"temp":297.65,"feels_like":297.62,"pressure":1013,"humidity":56,"dew_point":288.3,"uvi":0,"clouds":62,"visibility":10000,"wind_speed":2.06,"wind_deg":260,"wind_gust":3.04,"weather":[{"id":803,"main":"Clouds","description":"broken
        clouds","icon":"04n"}],"pop":0.72},{"dt":1623650400,"temp":296.05,"feels_like":295.96,"pressure":1014,"humidity":60,"dew_point":287.88,"uvi":0,"clouds":72,"visibility":10000,"wind_speed":2.41,"wind_deg":248,"wind_gust":3.38,"weather":[{"id":803,"main":"Clouds","description":"broken
        clouds","icon":"04n"}],"pop":0.68},{"dt":1623654000,"temp":294.83,"feels_like":294.67,"pressure":1015,"humidity":62,"dew_point":287.04,"uvi":0,"clouds":21,"visibility":10000,"wind_speed":2.23,"wind_deg":198,"wind_gust":3.96,"weather":[{"id":801,"main":"Clouds","description":"few
        clouds","icon":"02n"}],"pop":0},{"dt":1623657600,"temp":294.59,"feels_like":294.41,"pressure":1015,"humidity":62,"dew_point":286.9,"uvi":0,"clouds":59,"visibility":10000,"wind_speed":1.58,"wind_deg":148,"wind_gust":2.69,"weather":[{"id":803,"main":"Clouds","description":"broken
        clouds","icon":"04n"}],"pop":0},{"dt":1623661200,"temp":294.07,"feels_like":293.86,"pressure":1015,"humidity":63,"dew_point":286.57,"uvi":0,"clouds":39,"visibility":10000,"wind_speed":1.46,"wind_deg":61,"wind_gust":2.45,"weather":[{"id":802,"main":"Clouds","description":"scattered
        clouds","icon":"03n"}],"pop":0},{"dt":1623664800,"temp":293.59,"feels_like":293.36,"pressure":1015,"humidity":64,"dew_point":286.46,"uvi":0,"clouds":29,"visibility":10000,"wind_speed":0.64,"wind_deg":12,"wind_gust":1.31,"weather":[{"id":802,"main":"Clouds","description":"scattered
        clouds","icon":"03n"}],"pop":0},{"dt":1623668400,"temp":293.05,"feels_like":292.82,"pressure":1016,"humidity":66,"dew_point":286.41,"uvi":0,"clouds":25,"visibility":10000,"wind_speed":1.62,"wind_deg":303,"wind_gust":2.69,"weather":[{"id":802,"main":"Clouds","description":"scattered
        clouds","icon":"03n"}],"pop":0},{"dt":1623672000,"temp":292.89,"feels_like":292.62,"pressure":1016,"humidity":65,"dew_point":285.97,"uvi":0,"clouds":21,"visibility":10000,"wind_speed":1,"wind_deg":286,"wind_gust":1.81,"weather":[{"id":801,"main":"Clouds","description":"few
        clouds","icon":"02d"}],"pop":0},{"dt":1623675600,"temp":294.01,"feels_like":293.69,"pressure":1016,"humidity":59,"dew_point":285.43,"uvi":0.55,"clouds":1,"visibility":10000,"wind_speed":0.68,"wind_deg":357,"wind_gust":1.08,"weather":[{"id":800,"main":"Clear","description":"clear
        sky","icon":"01d"}],"pop":0},{"dt":1623679200,"temp":295.84,"feels_like":295.47,"pressure":1016,"humidity":50,"dew_point":284.86,"uvi":1.73,"clouds":1,"visibility":10000,"wind_speed":0.37,"wind_deg":3,"wind_gust":0.86,"weather":[{"id":800,"main":"Clear","description":"clear
        sky","icon":"01d"}],"pop":0},{"dt":1623682800,"temp":298.39,"feels_like":298.01,"pressure":1016,"humidity":40,"dew_point":283.77,"uvi":3.79,"clouds":0,"visibility":10000,"wind_speed":0.56,"wind_deg":153,"wind_gust":1.19,"weather":[{"id":800,"main":"Clear","description":"clear
        sky","icon":"01d"}],"pop":0},{"dt":1623686400,"temp":301.11,"feels_like":300.26,"pressure":1014,"humidity":31,"dew_point":282.61,"uvi":6.44,"clouds":0,"visibility":10000,"wind_speed":1.22,"wind_deg":125,"wind_gust":1.27,"weather":[{"id":800,"main":"Clear","description":"clear
        sky","icon":"01d"}],"pop":0},{"dt":1623690000,"temp":303.76,"feels_like":302.07,"pressure":1013,"humidity":24,"dew_point":280.65,"uvi":9.15,"clouds":0,"visibility":10000,"wind_speed":1.97,"wind_deg":90,"wind_gust":1.27,"weather":[{"id":800,"main":"Clear","description":"clear
        sky","icon":"01d"}],"pop":0},{"dt":1623693600,"temp":306.12,"feels_like":303.88,"pressure":1012,"humidity":17,"dew_point":277.83,"uvi":11.16,"clouds":0,"visibility":10000,"wind_speed":2.79,"wind_deg":75,"wind_gust":2.57,"weather":[{"id":800,"main":"Clear","description":"clear
        sky","icon":"01d"}],"pop":0},{"dt":1623697200,"temp":307.82,"feels_like":305.25,"pressure":1011,"humidity":12,"dew_point":274.78,"uvi":11.98,"clouds":0,"visibility":10000,"wind_speed":3.56,"wind_deg":70,"wind_gust":2.46,"weather":[{"id":800,"main":"Clear","description":"clear
        sky","icon":"01d"}],"pop":0},{"dt":1623700800,"temp":308.93,"feels_like":306.18,"pressure":1010,"humidity":10,"dew_point":273.24,"uvi":11.24,"clouds":0,"visibility":10000,"wind_speed":4.57,"wind_deg":70,"wind_gust":3.28,"weather":[{"id":800,"main":"Clear","description":"clear
        sky","icon":"01d"}],"pop":0},{"dt":1623704400,"temp":309.32,"feels_like":306.49,"pressure":1010,"humidity":9,"dew_point":272.04,"uvi":9.21,"clouds":0,"visibility":10000,"wind_speed":4.9,"wind_deg":71,"wind_gust":3.65,"weather":[{"id":800,"main":"Clear","description":"clear
        sky","icon":"01d"}],"pop":0},{"dt":1623708000,"temp":309.34,"feels_like":306.5,"pressure":1009,"humidity":9,"dew_point":271.78,"uvi":6.49,"clouds":0,"visibility":10000,"wind_speed":5.1,"wind_deg":73,"wind_gust":3.9,"weather":[{"id":800,"main":"Clear","description":"clear
        sky","icon":"01d"}],"pop":0},{"dt":1623711600,"temp":308.92,"feels_like":306.17,"pressure":1009,"humidity":10,"dew_point":271.99,"uvi":3.8,"clouds":0,"visibility":10000,"wind_speed":5.07,"wind_deg":78,"wind_gust":3.61,"weather":[{"id":800,"main":"Clear","description":"clear
        sky","icon":"01d"}],"pop":0},{"dt":1623715200,"temp":308.34,"feels_like":305.65,"pressure":1009,"humidity":10,"dew_point":272.37,"uvi":1.74,"clouds":0,"visibility":10000,"wind_speed":4.85,"wind_deg":86,"wind_gust":3.99,"weather":[{"id":800,"main":"Clear","description":"clear
        sky","icon":"01d"}],"pop":0},{"dt":1623718800,"temp":307.34,"feels_like":304.81,"pressure":1009,"humidity":12,"dew_point":273.2,"uvi":0.56,"clouds":0,"visibility":10000,"wind_speed":4.39,"wind_deg":93,"wind_gust":3.85,"weather":[{"id":800,"main":"Clear","description":"clear
        sky","icon":"01d"}],"pop":0},{"dt":1623722400,"temp":305.3,"feels_like":303.07,"pressure":1010,"humidity":15,"dew_point":274.74,"uvi":0,"clouds":0,"visibility":10000,"wind_speed":2.82,"wind_deg":89,"wind_gust":5.33,"weather":[{"id":800,"main":"Clear","description":"clear
        sky","icon":"01d"}],"pop":0},{"dt":1623726000,"temp":302.89,"feels_like":301.21,"pressure":1011,"humidity":21,"dew_point":277.64,"uvi":0,"clouds":0,"visibility":10000,"wind_speed":1.68,"wind_deg":120,"wind_gust":3.3,"weather":[{"id":800,"main":"Clear","description":"clear
        sky","icon":"01n"}],"pop":0},{"dt":1623729600,"temp":301.64,"feels_like":300.39,"pressure":1012,"humidity":25,"dew_point":279.53,"uvi":0,"clouds":0,"visibility":10000,"wind_speed":0.85,"wind_deg":201,"wind_gust":1.34,"weather":[{"id":800,"main":"Clear","description":"clear
        sky","icon":"01n"}],"pop":0},{"dt":1623733200,"temp":300.76,"feels_like":299.78,"pressure":1013,"humidity":25,"dew_point":278.7,"uvi":0,"clouds":0,"visibility":10000,"wind_speed":1.53,"wind_deg":214,"wind_gust":1.97,"weather":[{"id":800,"main":"Clear","description":"clear
        sky","icon":"01n"}],"pop":0},{"dt":1623736800,"temp":299.85,"feels_like":299.21,"pressure":1013,"humidity":25,"dew_point":277.76,"uvi":0,"clouds":1,"visibility":10000,"wind_speed":1.67,"wind_deg":208,"wind_gust":2,"weather":[{"id":800,"main":"Clear","description":"clear
        sky","icon":"01n"}],"pop":0},{"dt":1623740400,"temp":298.89,"feels_like":298.17,"pressure":1013,"humidity":25,"dew_point":277.22,"uvi":0,"clouds":0,"visibility":10000,"wind_speed":2.07,"wind_deg":212,"wind_gust":2.45,"weather":[{"id":800,"main":"Clear","description":"clear
        sky","icon":"01n"}],"pop":0},{"dt":1623744000,"temp":298.06,"feels_like":297.26,"pressure":1013,"humidity":25,"dew_point":276.67,"uvi":0,"clouds":0,"visibility":10000,"wind_speed":1.91,"wind_deg":218,"wind_gust":2.2,"weather":[{"id":800,"main":"Clear","description":"clear
        sky","icon":"01n"}],"pop":0},{"dt":1623747600,"temp":297.47,"feels_like":296.61,"pressure":1014,"humidity":25,"dew_point":276.2,"uvi":0,"clouds":0,"visibility":10000,"wind_speed":1.35,"wind_deg":238,"wind_gust":1.59,"weather":[{"id":800,"main":"Clear","description":"clear
        sky","icon":"01n"}],"pop":0},{"dt":1623751200,"temp":296.81,"feels_like":295.91,"pressure":1014,"humidity":26,"dew_point":275.71,"uvi":0,"clouds":1,"visibility":10000,"wind_speed":0.98,"wind_deg":251,"wind_gust":1.21,"weather":[{"id":800,"main":"Clear","description":"clear
        sky","icon":"01n"}],"pop":0},{"dt":1623754800,"temp":296.11,"feels_like":295.14,"pressure":1015,"humidity":26,"dew_point":275.61,"uvi":0,"clouds":2,"visibility":10000,"wind_speed":0.85,"wind_deg":232,"wind_gust":0.9,"weather":[{"id":800,"main":"Clear","description":"clear
        sky","icon":"01n"}],"pop":0},{"dt":1623758400,"temp":295.77,"feels_like":294.82,"pressure":1016,"humidity":28,"dew_point":276.02,"uvi":0,"clouds":2,"visibility":10000,"wind_speed":0.37,"wind_deg":211,"wind_gust":0.47,"weather":[{"id":800,"main":"Clear","description":"clear
        sky","icon":"01d"}],"pop":0},{"dt":1623762000,"temp":297.15,"feels_like":296.31,"pressure":1016,"humidity":27,"dew_point":276.52,"uvi":0.55,"clouds":5,"visibility":10000,"wind_speed":0.6,"wind_deg":160,"wind_gust":0.91,"weather":[{"id":800,"main":"Clear","description":"clear
        sky","icon":"01d"}],"pop":0},{"dt":1623765600,"temp":299.1,"feels_like":299.1,"pressure":1016,"humidity":24,"dew_point":276.55,"uvi":1.73,"clouds":2,"visibility":10000,"wind_speed":1.03,"wind_deg":209,"wind_gust":1.35,"weather":[{"id":800,"main":"Clear","description":"clear
        sky","icon":"01d"}],"pop":0},{"dt":1623769200,"temp":301.44,"feels_like":300.12,"pressure":1015,"humidity":21,"dew_point":276.92,"uvi":3.78,"clouds":2,"visibility":10000,"wind_speed":1.26,"wind_deg":165,"wind_gust":1.66,"weather":[{"id":800,"main":"Clear","description":"clear
        sky","icon":"01d"}],"pop":0},{"dt":1623772800,"temp":304.01,"feels_like":302.07,"pressure":1014,"humidity":19,"dew_point":277.47,"uvi":6.45,"clouds":1,"visibility":10000,"wind_speed":1.37,"wind_deg":143,"wind_gust":1.94,"weather":[{"id":800,"main":"Clear","description":"clear
        sky","icon":"01d"}],"pop":0},{"dt":1623776400,"temp":306.39,"feels_like":304.14,"pressure":1013,"humidity":17,"dew_point":278.15,"uvi":9.17,"clouds":1,"visibility":10000,"wind_speed":2.01,"wind_deg":110,"wind_gust":2.69,"weather":[{"id":800,"main":"Clear","description":"clear
        sky","icon":"01d"}],"pop":0},{"dt":1623780000,"temp":308.37,"feels_like":305.94,"pressure":1012,"humidity":15,"dew_point":278.28,"uvi":11.18,"clouds":1,"visibility":10000,"wind_speed":3.49,"wind_deg":109,"wind_gust":3.46,"weather":[{"id":800,"main":"Clear","description":"clear
        sky","icon":"01d"}],"pop":0},{"dt":1623783600,"temp":309.88,"feels_like":307.19,"pressure":1010,"humidity":12,"dew_point":275.51,"uvi":12.07,"clouds":0,"visibility":10000,"wind_speed":3.82,"wind_deg":107,"wind_gust":3.09,"weather":[{"id":800,"main":"Clear","description":"clear
        sky","icon":"01d"}],"pop":0},{"dt":1623787200,"temp":310.77,"feels_like":307.86,"pressure":1010,"humidity":10,"dew_point":274.25,"uvi":11.32,"clouds":0,"visibility":10000,"wind_speed":4.61,"wind_deg":100,"wind_gust":4.14,"weather":[{"id":800,"main":"Clear","description":"clear
        sky","icon":"01d"}],"pop":0},{"dt":1623790800,"temp":311.05,"feels_like":308.13,"pressure":1009,"humidity":10,"dew_point":274.52,"uvi":9.28,"clouds":0,"visibility":10000,"wind_speed":5.77,"wind_deg":98,"wind_gust":5.73,"weather":[{"id":800,"main":"Clear","description":"clear
        sky","icon":"01d"}],"pop":0},{"dt":1623794400,"temp":310.18,"feels_like":307.39,"pressure":1009,"humidity":11,"dew_point":275.17,"uvi":6.39,"clouds":17,"visibility":10000,"wind_speed":5.11,"wind_deg":115,"wind_gust":4.35,"weather":[{"id":801,"main":"Clouds","description":"few
        clouds","icon":"02d"}],"pop":0.04},{"dt":1623798000,"temp":297.84,"feels_like":297.51,"pressure":1015,"humidity":44,"dew_point":284.62,"uvi":3.74,"clouds":34,"visibility":10000,"wind_speed":10.68,"wind_deg":181,"wind_gust":14.95,"weather":[{"id":500,"main":"Rain","description":"light
        rain","icon":"10d"}],"pop":0.36,"rain":{"1h":0.19}},{"dt":1623801600,"temp":300.14,"feels_like":299.64,"pressure":1013,"humidity":32,"dew_point":281.65,"uvi":1.71,"clouds":45,"visibility":10000,"wind_speed":6.2,"wind_deg":200,"wind_gust":9.6,"weather":[{"id":802,"main":"Clouds","description":"scattered
        clouds","icon":"03d"}],"pop":0.16}],"daily":[{"dt":1623610800,"sunrise":1623583887,"sunset":1623637732,"moonrise":1623593160,"moonset":1623648480,"moon_phase":0.1,"temp":{"day":306.46,"min":292.82,"max":308.48,"night":297.65,"eve":301.85,"morn":294.12},"feels_like":{"day":304.48,"night":297.62,"eve":301.54,"morn":293.4},"pressure":1010,"humidity":21,"dew_point":280.99,"wind_speed":6.72,"wind_deg":145,"wind_gust":8.92,"weather":[{"id":800,"main":"Clear","description":"clear
        sky","icon":"01d"}],"clouds":0,"pop":0.76,"uvi":11.86},{"dt":1623697200,"sunrise":1623670286,"sunset":1623724156,"moonrise":1623683340,"moonset":0,"moon_phase":0.14,"temp":{"day":307.82,"min":292.89,"max":309.34,"night":300.76,"eve":307.34,"morn":294.01},"feels_like":{"day":305.25,"night":299.78,"eve":304.81,"morn":293.69},"pressure":1011,"humidity":12,"dew_point":274.78,"wind_speed":5.1,"wind_deg":73,"wind_gust":5.33,"weather":[{"id":800,"main":"Clear","description":"clear
        sky","icon":"01d"}],"clouds":0,"pop":0.68,"uvi":11.98},{"dt":1623783600,"sunrise":1623756687,"sunset":1623810579,"moonrise":1623773580,"moonset":1623737100,"moon_phase":0.17,"temp":{"day":309.88,"min":295.77,"max":311.05,"night":298.76,"eve":301.61,"morn":297.15},"feels_like":{"day":307.19,"night":298.24,"eve":300.54,"morn":296.31},"pressure":1010,"humidity":12,"dew_point":275.51,"wind_speed":10.68,"wind_deg":181,"wind_gust":14.95,"weather":[{"id":500,"main":"Rain","description":"light
        rain","icon":"10d"}],"clouds":0,"pop":0.36,"rain":0.19,"uvi":12.07},{"dt":1623870000,"sunrise":1623843090,"sunset":1623897001,"moonrise":1623864000,"moonset":1623825420,"moon_phase":0.2,"temp":{"day":309.47,"min":295.26,"max":310.76,"night":299.34,"eve":304.45,"morn":296.72},"feels_like":{"day":306.73,"night":299.34,"eve":302.54,"morn":295.89},"pressure":1010,"humidity":11,"dew_point":274.7,"wind_speed":6.54,"wind_deg":35,"wind_gust":7.65,"weather":[{"id":803,"main":"Clouds","description":"broken
        clouds","icon":"04d"}],"clouds":81,"pop":0.16,"uvi":11.47},{"dt":1623956400,"sunrise":1623929495,"sunset":1623983420,"moonrise":1623954420,"moonset":1623913620,"moon_phase":0.25,"temp":{"day":308.35,"min":293.57,"max":309.7,"night":293.57,"eve":301.34,"morn":295.85},"feels_like":{"day":305.79,"night":293.36,"eve":300.34,"morn":294.99},"pressure":1008,"humidity":13,"dew_point":275.61,"wind_speed":6.82,"wind_deg":191,"wind_gust":11.76,"weather":[{"id":500,"main":"Rain","description":"light
        rain","icon":"10d"}],"clouds":99,"pop":0.67,"rain":2.17,"uvi":10.59},{"dt":1624042800,"sunrise":1624015901,"sunset":1624069838,"moonrise":1624044900,"moonset":1624001640,"moon_phase":0.27,"temp":{"day":295.25,"min":290.67,"max":299.55,"night":294.86,"eve":299.55,"morn":291.02},"feels_like":{"day":294.66,"night":294.47,"eve":299.55,"morn":290.46},"pressure":1018,"humidity":44,"dew_point":282.49,"wind_speed":6.27,"wind_deg":347,"wind_gust":10.33,"weather":[{"id":500,"main":"Rain","description":"light
        rain","icon":"10d"}],"clouds":80,"pop":0.72,"rain":0.6,"uvi":11},{"dt":1624129200,"sunrise":1624102310,"sunset":1624156254,"moonrise":1624135500,"moonset":1624089600,"moon_phase":0.31,"temp":{"day":304.52,"min":291.35,"max":304.52,"night":294.64,"eve":294.6,"morn":292.25},"feels_like":{"day":302.6,"night":294.25,"eve":294.34,"morn":291.83},"pressure":1007,"humidity":21,"dew_point":279.73,"wind_speed":4.07,"wind_deg":144,"wind_gust":5.24,"weather":[{"id":501,"main":"Rain","description":"moderate
        rain","icon":"10d"}],"clouds":98,"pop":0.92,"rain":8.52,"uvi":11},{"dt":1624215600,"sunrise":1624188720,"sunset":1624242668,"moonrise":1624226340,"moonset":1624177680,"moon_phase":0.34,"temp":{"day":305.81,"min":291.92,"max":305.81,"night":297.7,"eve":302.95,"morn":291.92},"feels_like":{"day":303.5,"night":297.1,"eve":301.29,"morn":291.08},"pressure":1004,"humidity":14,"dew_point":275.04,"wind_speed":9.79,"wind_deg":51,"wind_gust":9.45,"weather":[{"id":800,"main":"Clear","description":"clear
        sky","icon":"01d"}],"clouds":0,"pop":0.35,"uvi":11}]}'
  recorded_at: Mon, 14 Jun 2021 01:49:10 GMT
recorded_with: VCR 6.0.0
